
========================================
TIMESTAMP  : 2026-05-12 21:23:50
IP         : 127.0.0.1
LOCATION   : localhost, Local Network
ISP        : Local
USERNAME   : ahmed@gmail.com
PASSWORD   : Ahmed@2021
BROWSER    : Script/Bot
DEVICE     : Unknown
ATTACK     : Bot Attack, Credential Stuffing
SEVERITY   : HIGH
SOURCE     : web_honeypot
========================================

========================================
TIMESTAMP  : 2026-05-12 21:23:52
IP         : 127.0.0.1
LOCATION   : localhost, Local Network
ISP        : Local
USERNAME   : sara@yahoo.com
PASSWORD   : Sara1234!
BROWSER    : Script/Bot
DEVICE     : Unknown
ATTACK     : Bot Attack, Credential Stuffing
SEVERITY   : HIGH
SOURCE     : web_honeypot
========================================

========================================
TIMESTAMP  : 2026-05-12 21:23:54
IP         : 127.0.0.1
LOCATION   : localhost, Local Network
ISP        : Local
USERNAME   : admin@company.com
PASSWORD   : Company@123
BROWSER    : Script/Bot
DEVICE     : Unknown
ATTACK     : Bot Attack, Credential Stuffing
SEVERITY   : HIGH
SOURCE     : web_honeypot
========================================

========================================
TIMESTAMP  : 2026-05-12 21:23:56
IP         : 127.0.0.1
LOCATION   : localhost, Local Network
ISP        : Local
USERNAME   : user@hotmail.com
PASSWORD   : P@ssw0rd
BROWSER    : Script/Bot
DEVICE     : Unknown
ATTACK     : Bot Attack
SEVERITY   : MEDIUM
SOURCE     : web_honeypot
========================================

========================================
TIMESTAMP  : 2026-05-12 21:25:00
IP         : 127.0.0.1
LOCATION   : localhost, Local Network
ISP        : Local
USERNAME   : user0
PASSWORD   : pass0
BROWSER    : Script/Bot
DEVICE     : Unknown
ATTACK     : Bot Attack
SEVERITY   : MEDIUM
SOURCE     : web_honeypot
========================================

========================================
TIMESTAMP  : 2026-05-12 21:25:02
IP         : 127.0.0.1
LOCATION   : localhost, Local Network
ISP        : Local
USERNAME   : user1
PASSWORD   : pass1
BROWSER    : Script/Bot
DEVICE     : Unknown
ATTACK     : Bot Attack
SEVERITY   : MEDIUM
SOURCE     : web_honeypot
========================================

========================================
TIMESTAMP  : 2026-05-12 21:25:04
IP         : 127.0.0.1
LOCATION   : localhost, Local Network
ISP        : Local
USERNAME   : user2
PASSWORD   : pass2
BROWSER    : Script/Bot
DEVICE     : Unknown
ATTACK     : Bot Attack
SEVERITY   : MEDIUM
SOURCE     : web_honeypot
========================================

========================================
TIMESTAMP  : 2026-05-12 21:25:06
IP         : 127.0.0.1
LOCATION   : localhost, Local Network
ISP        : Local
USERNAME   : user3
PASSWORD   : pass3
BROWSER    : Script/Bot
DEVICE     : Unknown
ATTACK     : Bot Attack
SEVERITY   : MEDIUM
SOURCE     : web_honeypot
========================================

========================================
TIMESTAMP  : 2026-05-12 21:25:08
IP         : 127.0.0.1
LOCATION   : localhost, Local Network
ISP        : Local
USERNAME   : user4
PASSWORD   : pass4
BROWSER    : Script/Bot
DEVICE     : Unknown
ATTACK     : Bot Attack
SEVERITY   : MEDIUM
SOURCE     : web_honeypot
========================================

========================================
TIMESTAMP  : 2026-05-12 21:25:10
IP         : 127.0.0.1
LOCATION   : localhost, Local Network
ISP        : Local
USERNAME   : user5
PASSWORD   : pass5
BROWSER    : Script/Bot
DEVICE     : Unknown
ATTACK     : Bot Attack
SEVERITY   : MEDIUM
SOURCE     : web_honeypot
========================================

========================================
TIMESTAMP  : 2026-05-12 21:25:44
IP         : 127.0.0.1
LOCATION   : localhost, Local Network
ISP        : Local
USERNAME   : admin
PASSWORD   : 123456
BROWSER    : Script/Bot
DEVICE     : Unknown
ATTACK     : Bot Attack, Brute Force, Broken Authentication
SEVERITY   : HIGH
SOURCE     : web_honeypot
========================================

========================================
TIMESTAMP  : 2026-05-12 21:25:46
IP         : 127.0.0.1
LOCATION   : localhost, Local Network
ISP        : Local
USERNAME   : admin
PASSWORD   : password
BROWSER    : Script/Bot
DEVICE     : Unknown
ATTACK     : SQL Injection, Bot Attack, Brute Force, Broken Authentication
SEVERITY   : CRITICAL
SOURCE     : web_honeypot
========================================

========================================
TIMESTAMP  : 2026-05-12 21:25:48
IP         : 127.0.0.1
LOCATION   : localhost, Local Network
ISP        : Local
USERNAME   : admin
PASSWORD   : admin123
BROWSER    : Script/Bot
DEVICE     : Unknown
ATTACK     : Bot Attack, Broken Authentication
SEVERITY   : HIGH
SOURCE     : web_honeypot
========================================

========================================
TIMESTAMP  : 2026-05-12 21:25:50
IP         : 127.0.0.1
LOCATION   : localhost, Local Network
ISP        : Local
USERNAME   : admin
PASSWORD   : qwerty
BROWSER    : Script/Bot
DEVICE     : Unknown
ATTACK     : Bot Attack, Brute Force, Broken Authentication
SEVERITY   : HIGH
SOURCE     : web_honeypot
========================================

========================================
TIMESTAMP  : 2026-05-12 21:25:52
IP         : 127.0.0.1
LOCATION   : localhost, Local Network
ISP        : Local
USERNAME   : admin
PASSWORD   : abc123
BROWSER    : Script/Bot
DEVICE     : Unknown
ATTACK     : Bot Attack, Brute Force, Broken Authentication
SEVERITY   : HIGH
SOURCE     : web_honeypot
========================================

========================================
TIMESTAMP  : 2026-05-12 21:25:54
IP         : 127.0.0.1
LOCATION   : localhost, Local Network
ISP        : Local
USERNAME   : admin
PASSWORD   : 111111
BROWSER    : Script/Bot
DEVICE     : Unknown
ATTACK     : Bot Attack, Brute Force, Broken Authentication
SEVERITY   : HIGH
SOURCE     : web_honeypot
========================================

========================================
TIMESTAMP  : 2026-05-12 21:25:56
IP         : 127.0.0.1
LOCATION   : localhost, Local Network
ISP        : Local
USERNAME   : admin
PASSWORD   : letmein
BROWSER    : Script/Bot
DEVICE     : Unknown
ATTACK     : Bot Attack, Brute Force, Broken Authentication
SEVERITY   : HIGH
SOURCE     : web_honeypot
========================================

========================================
TIMESTAMP  : 2026-05-12 21:25:58
IP         : 127.0.0.1
LOCATION   : localhost, Local Network
ISP        : Local
USERNAME   : admin
PASSWORD   : monkey
BROWSER    : Script/Bot
DEVICE     : Unknown
ATTACK     : Bot Attack, Broken Authentication
SEVERITY   : HIGH
SOURCE     : web_honeypot
========================================

========================================
TIMESTAMP  : 2026-05-12 21:26:59
IP         : 127.0.0.1
LOCATION   : localhost, Local Network
ISP        : Local
USERNAME   : ahmed@gmail.com
PASSWORD   : Ahmed@2021
BROWSER    : Script/Bot
DEVICE     : Unknown
ATTACK     : Bot Attack, Credential Stuffing
SEVERITY   : HIGH
SOURCE     : web_honeypot
========================================

========================================
TIMESTAMP  : 2026-05-12 21:27:02
IP         : 127.0.0.1
LOCATION   : localhost, Local Network
ISP        : Local
USERNAME   : sara@yahoo.com
PASSWORD   : Sara1234!
BROWSER    : Script/Bot
DEVICE     : Unknown
ATTACK     : Bot Attack, Credential Stuffing
SEVERITY   : HIGH
SOURCE     : web_honeypot
========================================

========================================
TIMESTAMP  : 2026-05-12 21:27:04
IP         : 127.0.0.1
LOCATION   : localhost, Local Network
ISP        : Local
USERNAME   : admin@company.com
PASSWORD   : Company@123
BROWSER    : Script/Bot
DEVICE     : Unknown
ATTACK     : Bot Attack, Credential Stuffing
SEVERITY   : HIGH
SOURCE     : web_honeypot
========================================

========================================
TIMESTAMP  : 2026-05-12 21:27:06
IP         : 127.0.0.1
LOCATION   : localhost, Local Network
ISP        : Local
USERNAME   : user@hotmail.com
PASSWORD   : P@ssw0rd
BROWSER    : Script/Bot
DEVICE     : Unknown
ATTACK     : Bot Attack
SEVERITY   : MEDIUM
SOURCE     : web_honeypot
========================================

========================================
TIMESTAMP  : 2026-05-12 21:27:28
IP         : 127.0.0.1
LOCATION   : localhost, Local Network
ISP        : Local
USERNAME   : user0
PASSWORD   : pass0
BROWSER    : Script/Bot
DEVICE     : Unknown
ATTACK     : Bot Attack
SEVERITY   : MEDIUM
SOURCE     : web_honeypot
========================================

========================================
TIMESTAMP  : 2026-05-12 21:27:30
IP         : 127.0.0.1
LOCATION   : localhost, Local Network
ISP        : Local
USERNAME   : user1
PASSWORD   : pass1
BROWSER    : Script/Bot
DEVICE     : Unknown
ATTACK     : Bot Attack
SEVERITY   : MEDIUM
SOURCE     : web_honeypot
========================================

========================================
TIMESTAMP  : 2026-05-12 21:27:32
IP         : 127.0.0.1
LOCATION   : localhost, Local Network
ISP        : Local
USERNAME   : user2
PASSWORD   : pass2
BROWSER    : Script/Bot
DEVICE     : Unknown
ATTACK     : Bot Attack
SEVERITY   : MEDIUM
SOURCE     : web_honeypot
========================================

========================================
TIMESTAMP  : 2026-05-12 21:27:34
IP         : 127.0.0.1
LOCATION   : localhost, Local Network
ISP        : Local
USERNAME   : user3
PASSWORD   : pass3
BROWSER    : Script/Bot
DEVICE     : Unknown
ATTACK     : Bot Attack
SEVERITY   : MEDIUM
SOURCE     : web_honeypot
========================================

========================================
TIMESTAMP  : 2026-05-12 21:27:36
IP         : 127.0.0.1
LOCATION   : localhost, Local Network
ISP        : Local
USERNAME   : user4
PASSWORD   : pass4
BROWSER    : Script/Bot
DEVICE     : Unknown
ATTACK     : Bot Attack
SEVERITY   : MEDIUM
SOURCE     : web_honeypot
========================================

========================================
TIMESTAMP  : 2026-05-12 21:27:38
IP         : 127.0.0.1
LOCATION   : localhost, Local Network
ISP        : Local
USERNAME   : user5
PASSWORD   : pass5
BROWSER    : Script/Bot
DEVICE     : Unknown
ATTACK     : Bot Attack
SEVERITY   : MEDIUM
SOURCE     : web_honeypot
========================================

========================================
TIMESTAMP  : 2026-05-12 21:27:40
IP         : 127.0.0.1
LOCATION   : localhost, Local Network
ISP        : Local
USERNAME   : user6
PASSWORD   : pass6
BROWSER    : Script/Bot
DEVICE     : Unknown
ATTACK     : Bot Attack
SEVERITY   : MEDIUM
SOURCE     : web_honeypot
========================================

========================================
TIMESTAMP  : 2026-05-12 21:27:42
IP         : 127.0.0.1
LOCATION   : localhost, Local Network
ISP        : Local
USERNAME   : user7
PASSWORD   : pass7
BROWSER    : Script/Bot
DEVICE     : Unknown
ATTACK     : Bot Attack
SEVERITY   : MEDIUM
SOURCE     : web_honeypot
========================================

========================================
TIMESTAMP  : 2026-05-12 21:27:45
IP         : 127.0.0.1
LOCATION   : localhost, Local Network
ISP        : Local
USERNAME   : user8
PASSWORD   : pass8
BROWSER    : Script/Bot
DEVICE     : Unknown
ATTACK     : Bot Attack
SEVERITY   : MEDIUM
SOURCE     : web_honeypot
========================================

========================================
TIMESTAMP  : 2026-05-12 21:27:47
IP         : 127.0.0.1
LOCATION   : localhost, Local Network
ISP        : Local
USERNAME   : user9
PASSWORD   : pass9
BROWSER    : Script/Bot
DEVICE     : Unknown
ATTACK     : Bot Attack
SEVERITY   : MEDIUM
SOURCE     : web_honeypot
========================================

========================================
TIMESTAMP  : 2026-05-12 21:27:49
IP         : 127.0.0.1
LOCATION   : localhost, Local Network
ISP        : Local
USERNAME   : user10
PASSWORD   : pass10
BROWSER    : Script/Bot
DEVICE     : Unknown
ATTACK     : Bot Attack
SEVERITY   : MEDIUM
SOURCE     : web_honeypot
========================================

========================================
TIMESTAMP  : 2026-05-12 21:27:51
IP         : 127.0.0.1
LOCATION   : localhost, Local Network
ISP        : Local
USERNAME   : user11
PASSWORD   : pass11
BROWSER    : Script/Bot
DEVICE     : Unknown
ATTACK     : Bot Attack
SEVERITY   : MEDIUM
SOURCE     : web_honeypot
========================================

========================================
TIMESTAMP  : 2026-05-12 21:27:53
IP         : 127.0.0.1
LOCATION   : localhost, Local Network
ISP        : Local
USERNAME   : user12
PASSWORD   : pass12
BROWSER    : Script/Bot
DEVICE     : Unknown
ATTACK     : Bot Attack
SEVERITY   : MEDIUM
SOURCE     : web_honeypot
========================================

========================================
TIMESTAMP  : 2026-05-12 21:27:55
IP         : 127.0.0.1
LOCATION   : localhost, Local Network
ISP        : Local
USERNAME   : user13
PASSWORD   : pass13
BROWSER    : Script/Bot
DEVICE     : Unknown
ATTACK     : Bot Attack
SEVERITY   : MEDIUM
SOURCE     : web_honeypot
========================================

========================================
TIMESTAMP  : 2026-05-12 21:27:57
IP         : 127.0.0.1
LOCATION   : localhost, Local Network
ISP        : Local
USERNAME   : user14
PASSWORD   : pass14
BROWSER    : Script/Bot
DEVICE     : Unknown
ATTACK     : Bot Attack
SEVERITY   : MEDIUM
SOURCE     : web_honeypot
========================================

========================================
TIMESTAMP  : 2026-05-12 21:27:59
IP         : 127.0.0.1
LOCATION   : localhost, Local Network
ISP        : Local
USERNAME   : user15
PASSWORD   : pass15
BROWSER    : Script/Bot
DEVICE     : Unknown
ATTACK     : Bot Attack
SEVERITY   : MEDIUM
SOURCE     : web_honeypot
========================================

========================================
TIMESTAMP  : 2026-05-12 21:28:01
IP         : 127.0.0.1
LOCATION   : localhost, Local Network
ISP        : Local
USERNAME   : user16
PASSWORD   : pass16
BROWSER    : Script/Bot
DEVICE     : Unknown
ATTACK     : Bot Attack
SEVERITY   : MEDIUM
SOURCE     : web_honeypot
========================================

========================================
TIMESTAMP  : 2026-05-12 21:28:03
IP         : 127.0.0.1
LOCATION   : localhost, Local Network
ISP        : Local
USERNAME   : user17
PASSWORD   : pass17
BROWSER    : Script/Bot
DEVICE     : Unknown
ATTACK     : Bot Attack
SEVERITY   : MEDIUM
SOURCE     : web_honeypot
========================================

========================================
TIMESTAMP  : 2026-05-12 21:28:05
IP         : 127.0.0.1
LOCATION   : localhost, Local Network
ISP        : Local
USERNAME   : user18
PASSWORD   : pass18
BROWSER    : Script/Bot
DEVICE     : Unknown
ATTACK     : Bot Attack
SEVERITY   : MEDIUM
SOURCE     : web_honeypot
========================================

========================================
TIMESTAMP  : 2026-05-12 21:28:07
IP         : 127.0.0.1
LOCATION   : localhost, Local Network
ISP        : Local
USERNAME   : user19
PASSWORD   : pass19
BROWSER    : Script/Bot
DEVICE     : Unknown
ATTACK     : Bot Attack
SEVERITY   : MEDIUM
SOURCE     : web_honeypot
========================================

========================================
TIMESTAMP  : 2026-05-13 20:33:10
IP         : 127.0.0.1
LOCATION   : localhost, Local Network
ISP        : Local
USERNAME   : admin
PASSWORD   : 123456
BROWSER    : Script/Bot
DEVICE     : Unknown
ATTACK     : Bot Attack, Brute Force, Broken Authentication
SEVERITY   : HIGH
SOURCE     : web_honeypot
========================================

========================================
TIMESTAMP  : 2026-05-13 20:33:12
IP         : 127.0.0.1
LOCATION   : localhost, Local Network
ISP        : Local
USERNAME   : admin
PASSWORD   : password
BROWSER    : Script/Bot
DEVICE     : Unknown
ATTACK     : SQL Injection, Bot Attack, Brute Force, Broken Authentication
SEVERITY   : CRITICAL
SOURCE     : web_honeypot
========================================

========================================
TIMESTAMP  : 2026-05-13 20:33:14
IP         : 127.0.0.1
LOCATION   : localhost, Local Network
ISP        : Local
USERNAME   : admin
PASSWORD   : admin123
BROWSER    : Script/Bot
DEVICE     : Unknown
ATTACK     : Bot Attack, Broken Authentication
SEVERITY   : HIGH
SOURCE     : web_honeypot
========================================

========================================
TIMESTAMP  : 2026-05-13 20:33:16
IP         : 127.0.0.1
LOCATION   : localhost, Local Network
ISP        : Local
USERNAME   : admin
PASSWORD   : qwerty
BROWSER    : Script/Bot
DEVICE     : Unknown
ATTACK     : Bot Attack, Brute Force, Broken Authentication
SEVERITY   : HIGH
SOURCE     : web_honeypot
========================================

========================================
TIMESTAMP  : 2026-05-13 20:33:19
IP         : 127.0.0.1
LOCATION   : localhost, Local Network
ISP        : Local
USERNAME   : admin
PASSWORD   : abc123
BROWSER    : Script/Bot
DEVICE     : Unknown
ATTACK     : Bot Attack, Brute Force, Broken Authentication
SEVERITY   : HIGH
SOURCE     : web_honeypot
========================================

========================================
TIMESTAMP  : 2026-05-13 20:33:21
IP         : 127.0.0.1
LOCATION   : localhost, Local Network
ISP        : Local
USERNAME   : admin
PASSWORD   : 111111
BROWSER    : Script/Bot
DEVICE     : Unknown
ATTACK     : Bot Attack, Brute Force, Broken Authentication
SEVERITY   : HIGH
SOURCE     : web_honeypot
========================================

========================================
TIMESTAMP  : 2026-05-13 20:33:23
IP         : 127.0.0.1
LOCATION   : localhost, Local Network
ISP        : Local
USERNAME   : admin
PASSWORD   : letmein
BROWSER    : Script/Bot
DEVICE     : Unknown
ATTACK     : Bot Attack, Brute Force, Broken Authentication
SEVERITY   : HIGH
SOURCE     : web_honeypot
========================================

========================================
TIMESTAMP  : 2026-05-13 20:33:25
IP         : 127.0.0.1
LOCATION   : localhost, Local Network
ISP        : Local
USERNAME   : admin
PASSWORD   : monkey
BROWSER    : Script/Bot
DEVICE     : Unknown
ATTACK     : Bot Attack, Broken Authentication
SEVERITY   : HIGH
SOURCE     : web_honeypot
========================================

========================================
TIMESTAMP  : 2026-05-13 21:59:05
IP         : 127.0.0.1
LOCATION   : localhost, Local Network
ISP        : Local
USERNAME   : admin
PASSWORD   : 123456
BROWSER    : Script/Bot
DEVICE     : Unknown
ATTACK     : Bot Attack, Brute Force, Broken Authentication
SEVERITY   : HIGH
SOURCE     : web_honeypot
========================================

========================================
TIMESTAMP  : 2026-05-13 21:59:07
IP         : 127.0.0.1
LOCATION   : localhost, Local Network
ISP        : Local
USERNAME   : admin
PASSWORD   : password
BROWSER    : Script/Bot
DEVICE     : Unknown
ATTACK     : SQL Injection, Bot Attack, Brute Force, Broken Authentication
SEVERITY   : CRITICAL
SOURCE     : web_honeypot
========================================

========================================
TIMESTAMP  : 2026-05-13 21:59:09
IP         : 127.0.0.1
LOCATION   : localhost, Local Network
ISP        : Local
USERNAME   : admin
PASSWORD   : admin123
BROWSER    : Script/Bot
DEVICE     : Unknown
ATTACK     : Bot Attack, Broken Authentication
SEVERITY   : HIGH
SOURCE     : web_honeypot
========================================

========================================
TIMESTAMP  : 2026-05-13 21:59:11
IP         : 127.0.0.1
LOCATION   : localhost, Local Network
ISP        : Local
USERNAME   : admin
PASSWORD   : qwerty
BROWSER    : Script/Bot
DEVICE     : Unknown
ATTACK     : Bot Attack, Brute Force, Broken Authentication
SEVERITY   : HIGH
SOURCE     : web_honeypot
========================================

========================================
TIMESTAMP  : 2026-05-13 21:59:13
IP         : 127.0.0.1
LOCATION   : localhost, Local Network
ISP        : Local
USERNAME   : admin
PASSWORD   : abc123
BROWSER    : Script/Bot
DEVICE     : Unknown
ATTACK     : Bot Attack, Brute Force, Broken Authentication
SEVERITY   : HIGH
SOURCE     : web_honeypot
========================================

========================================
TIMESTAMP  : 2026-05-13 21:59:15
IP         : 127.0.0.1
LOCATION   : localhost, Local Network
ISP        : Local
USERNAME   : admin
PASSWORD   : 111111
BROWSER    : Script/Bot
DEVICE     : Unknown
ATTACK     : Bot Attack, Brute Force, Broken Authentication
SEVERITY   : HIGH
SOURCE     : web_honeypot
========================================

========================================
TIMESTAMP  : 2026-05-13 21:59:17
IP         : 127.0.0.1
LOCATION   : localhost, Local Network
ISP        : Local
USERNAME   : admin
PASSWORD   : letmein
BROWSER    : Script/Bot
DEVICE     : Unknown
ATTACK     : Bot Attack, Brute Force, Broken Authentication
SEVERITY   : HIGH
SOURCE     : web_honeypot
========================================

========================================
TIMESTAMP  : 2026-05-13 21:59:20
IP         : 127.0.0.1
LOCATION   : localhost, Local Network
ISP        : Local
USERNAME   : admin
PASSWORD   : monkey
BROWSER    : Script/Bot
DEVICE     : Unknown
ATTACK     : Bot Attack, Broken Authentication
SEVERITY   : HIGH
SOURCE     : web_honeypot
========================================
